Organisasjon Nasjonalbiblioteket
Lokasjon norsk
Lokasjon Norge
Organisasjon Nasjonalbiblioteket
Lokasjon Oslo
Person Aslak Sira Myhre
